'RPGame Hotspot format
'Made by JimCamel
'JimCamel@jimcamel.8m.com
'
'The format is as follows
'
'Data;Image number;Name of image;path;
'SRC;source Left;source Top;source right;source bottom;
'DEST;destination Left;destination Top;destination right;destination bottom;
'Mouseover=name of mouseover image;(leave blank if no mouseover)
'Visible=true/false;
'
Data;1;Top;/graphics/top.gif;
SRC;0;0;640;50;
DEST;0;0;640;50;
Mouseover=;
Visible=True;
'
'For the menubutton to work, it must be called MenuButton
Data;2;MenuButton;/graphics/top.gif;
SRC;10;16;23;29;
DEST;10;16;23;29;
Mouseover=LED1;
Visible=True;
'
Data;3;topcorner;/graphics/top.gif;
SRC;640;0;690;50;
DEST;0;50;50;100;
Mouseover=;
Visible=True;
'
Data;4;bottomcorner;/graphics/top.gif;
SRC;690;0;740;50;
DEST;590;430;640;480;
Mouseover=;
Visible=True;
'
Data;5;healthword;/graphics/gui.gif;
SRC;0;0;70;16;
DEST;40;7;110;23;
Mouseover=;
Visible=True;
'
Data;6;box1;/graphics/gui.gif;
SRC;185;69;215;84;
DEST;155;28;185;43;
Mouseover=;
Visible=True;
'
Data;7;box2;/graphics/gui.gif;
SRC;185;69;215;84;
DEST;186;28;216;43;
Mouseover=;
Visible=True;
'
Data;8;box3;/graphics/gui.gif;
SRC;185;69;215;84;
DEST;217;28;247;43;
Mouseover=;
Visible=True;
'
Data;9;box4;/graphics/gui.gif;
SRC;185;69;215;84;
DEST;248;28;278;43;
Mouseover=;
Visible=True;
'
Data;10;Buttons;/graphics/gui.gif;
SRC;0;276;184;326;
DEST;300;0;484;50;
Mouseover=;
Visible=True;
'
Data;11;$;/graphics/gui.gif;
SRC;137;69;149;87;
DEST;164;7;176;25;
Mouseover=$2;
Visible=True;
'
Data;12;LH;/graphics/gui.gif;
SRC;149;69;167;87;
DEST;193;7;211;25;
Mouseover=LH2;
Visible=True;
'
Data;13;RH;/graphics/gui.gif;
SRC;167;69;185;87;
DEST;222;7;240;25;
Mouseover=RH2;
Visible=True;
'
Data;14;BAG;/graphics/gui.gif;
SRC;116;69;135;87;
DEST;252;7;271;25;
Mouseover=BAG2;
Visible=True;
'
'Note: For Health to work properly, you must name it Health
'
Data;15;Health;/graphics/gui.gif;
SRC;0;69;16;79;
DEST;40;25;271;35;
Mouseover=;
Visible=False;
'Here is a special code for health, it's defined in rows
'it is as follows
'Rows;number of rows;distance between rows;distance between cols;
Rows;1;0;10;
'
'Note: For The no Health to work properly, you must name it NoHealth
Data;16;NoHealth;/graphics/gui.gif;
SRC;16;69;32;79;
DEST;40;25;271;35;
Mouseover=;
Visible=False;
'
'Note: For The Numbers to work properly, you must name it Numbers
Data;17;Numbers;/graphics/gui.gif;
'It will divide the numbers here by 10 to caculate the width of each number
SRC;0;97;80;104;
'Dest makes no effect with variables
DEST;0;0;0;0;
Mouseover=;
Visible=False;
'
Data;18;LED1;/graphics/top.gif;
SRC;869;0;882;13;
DEST;10;16;23;29;
Mouseover=;
Visible=False;
'
Data;19;LED2;/graphics/top.gif;
SRC;869;0;882;13;
DEST;26;57;39;70;
Mouseover=;
Visible=False;
'
Data;20;LED3;/graphics/top.gif;
SRC;869;0;882;13;
DEST;26;81;39;94;
Mouseover=;
Visible=False;
'
'For the menu to work it must be called Menu(number)
Data;21;Menu2;/graphics/top.gif;
SRC;740;0;868;25;
DEST;0;50;128;75;
Mouseover=LED2;
Visible=False;
'
Data;22;Menu3;/graphics/top.gif;
SRC;740;25;868;50;
DEST;0;75;128;100;
Mouseover=LED3;
Visible=False;
'
Data;23;$2;/graphics/guiinv.gif;
SRC;137;69;149;87;
DEST;164;7;176;25;
Mouseover=;
Visible=False;
'
Data;24;LH2;/graphics/guiinv.gif;
SRC;149;69;167;87;
DEST;193;7;211;25;
Mouseover=;
Visible=False;
'
Data;25;RH2;/graphics/guiinv.gif;
SRC;167;69;185;87;
DEST;222;7;240;25;
Mouseover=;
Visible=False;
'
Data;26;BAG2;/graphics/guiinv.gif;
SRC;116;69;135;87;
DEST;252;7;271;25;
Mouseover=;
Visible=False;
'
Data;27;StaminaTitle;/graphics/gui.gif;
SRC;0;16;85;31;
DEST;496;0;581;15;
Mouseover=;
Visible=True;
'
Data;28;MagicTitle;/graphics/gui.gif;
SRC;0;31;85;46;
DEST;496;21;581;36;
Mouseover=;
Visible=False;
'
Data;29;StaminaBar;/graphics/gui.gif;
SRC;96;110;192;120;
DEST;500;12;596;22;
Mouseover=;
Visible=True;
'
Data;30;MagicBar;/graphics/gui.gif;
SRC;96;120;192;130;
DEST;500;35;596;45;
Mouseover=;
Visible=False;
'
Data;31;StaminaFill;/graphics/gui.gif;
SRC;0;110;96;120;
DEST;500;12;596;22;
Mouseover=;
Visible=False;
'
Data;32;MagicFill;/graphics/gui.gif;
SRC;0;120;96;130;
DEST;500;35;596;45;
Mouseover=;
Visible=False;
'
